Connection established to 'localhost:98765'.
> send 26 bytes
> send 15 bytes
> Connection established to 'localhost:98765'.
> send 27 bytes
> send 5 bytes
> 